+ S=scripts/tune_block_shapes.py
+ python scripts/tune_block_shapes.py --backend wmma
NVIDIA GeForce RTX 3070  sm_86  dtype=float32

=== wmma  float32  dense+causal ===

head_dim 8  (25 candidates)
       M x N     best ms
       64x32       0.710
       64x48       0.744
       64x64       0.762
      128x48       0.764
       64x16       0.771
      128x32       0.773
       64x80       0.780
       64x96       0.794
       32x32       0.808
      128x16       0.866
       32x16       0.876
       32x64       0.895
       32x48       0.906
       32x96       1.054
       32x80       1.057
       16x16       1.111
       16x32       1.169
      32x128       1.231
      32x112       1.309
       16x48       1.323
       16x64       1.461
       16x80       1.702
       16x96       1.725
      16x128       2.072
      16x112       2.199
  -> best 64x32 at 0.710 ms, 1.05x over next

head_dim 16  (25 candidates)
       M x N     best ms
       64x32       0.710
       64x48       0.759
       64x64       0.769
      128x32       0.778
       64x80       0.783
       64x16       0.797
       64x96       0.803
      128x48       0.810
       32x32       0.823
      128x16       0.858
       32x16       0.881
       32x64       0.901
       32x48       0.924
       32x96       1.061
       16x16       1.111
       32x80       1.118
       16x32       1.183
      32x128       1.251
       16x48       1.335
      32x112       1.412
       16x64       1.482
       16x80       1.718
       16x96       1.737
      16x128       2.099
      16x112       2.352
  -> best 64x32 at 0.710 ms, 1.07x over next

head_dim 32  (20 candidates)
       M x N     best ms
      128x32       1.144
       64x32       1.148
       64x64       1.242
       64x16       1.250
       64x48       1.292
       32x16       1.391
      128x16       1.427
       32x32       1.517
       32x64       1.781
       16x16       2.351
       32x96       2.424
       32x80       2.464
       16x32       2.753
       32x48       3.175
       16x64       4.098
       16x80       4.210
      16x128       6.030
       16x96       6.082
      16x112       6.173
       16x48       7.311
  -> best 128x32 at 1.144 ms, 1.00x over next

head_dim 64  (9 candidates)
       M x N     best ms
       64x16       2.000
       64x32       2.130
       32x16       2.950
       32x32       3.578
       32x48       4.579
       16x16       5.632
       16x32       6.767
       16x48      11.162
       16x64      11.169
  -> best 64x16 at 2.000 ms, 1.07x over next

head_dim 128  (3 candidates)
       M x N     best ms
       32x16       9.010
       16x16      18.527
       16x32      26.412
  -> best 32x16 at 9.010 ms, 2.06x over next

============================================================
Winners. Paste into the macro defaults these override.

wmma:
  #define WMMA_M_8    64     #define WMMA_N_8    32
  #define WMMA_M_16   64     #define WMMA_N_16   32
  #define WMMA_M_32   128    #define WMMA_N_32   32
  #define WMMA_M_64   64     #define WMMA_N_64   16
  #define WMMA_M_128  32     #define WMMA_N_128  16
+ python scripts/tune_block_shapes.py --backend tile-tf32
NVIDIA GeForce RTX 3070  sm_86  dtype=float32

=== tile-tf32  float32  dense ===

head_dim 8  (16 candidates)
       M x N     best ms
      128x16       0.279
       64x64       0.313
      128x64       0.319
       64x16       0.331
       64x32       0.336
      128x32       0.366
      64x128       0.445
     128x128       0.498
       32x32       0.585
       32x64       0.628
      32x128       0.640
      16x128       0.643
       16x64       0.668
       32x16       0.765
       16x32       0.792
       16x16       1.180
  -> best 128x16 at 0.279 ms, 1.13x over next

head_dim 16  (16 candidates)
       M x N     best ms
      128x32       0.343
      128x16       0.360
       64x64       0.437
       64x16       0.439
       64x32       0.439
       32x32       0.534
      128x64       0.559
      32x128       0.574
       32x64       0.581
      64x128       0.607
       32x16       0.636
     128x128       0.713
      16x128       1.250
       16x64       1.255
       16x32       1.293
       16x16       1.549
  -> best 128x32 at 0.343 ms, 1.05x over next

head_dim 32  (16 candidates)
       M x N     best ms
      128x64       0.818
      128x32       0.819
       64x32       0.945
       32x16       0.993
       32x32       1.078
      64x128       1.146
      128x16       1.154
       64x64       1.185
       32x64       1.196
     128x128       1.221
       64x16       1.418
      32x128       1.563
       16x64       1.607
       16x32       1.732
      16x128       1.843
       16x16       2.012
  -> best 128x64 at 0.818 ms, 1.00x over next

head_dim 64  (16 candidates)
       M x N     best ms
      128x64       1.720
      128x32       1.749
      128x16       1.960
       64x64       1.982
       64x32       2.059
       32x16       2.077
       64x16       2.292
      64x128       2.470
      32x128       2.810
       32x64       2.973
       32x32       3.067
       16x32       3.261
       16x64       3.449
       16x16       3.964
      16x128       4.343
     128x128       4.787
  -> best 128x64 at 1.720 ms, 1.02x over next

============================================================
Winners. Paste into the macro defaults these override.

tile-tf32:
  #define TF32_M_8    128    #define TF32_N_8    16
  #define TF32_M_16   128    #define TF32_N_16   32
  #define TF32_M_32   128    #define TF32_N_32   64
  #define TF32_M_64   128    #define TF32_N_64   64
/tmp/drive_sweep.sh: line 6:  1854 Segmentation fault      python $S --backend tile-tf32
+ python scripts/tune_block_shapes.py --backend tile-tf32 --causal
NVIDIA GeForce RTX 3070  sm_86  dtype=float32

=== tile-tf32  float32  causal ===

head_dim 8  (16 candidates)
       M x N     best ms
       64x64       0.209
       64x32       0.254
       64x16       0.264
      128x32       0.267
      128x64       0.274
      128x16       0.275
      64x128       0.280
     128x128       0.318
       32x32       0.348
       32x64       0.376
       16x64       0.383
      16x128       0.391
      32x128       0.395
       16x32       0.456
       32x16       0.467
       16x16       0.663
  -> best 64x64 at 0.209 ms, 1.22x over next

head_dim 16  (16 candidates)
       M x N     best ms
       64x64       0.294
      128x32       0.328
       32x32       0.331
       32x64       0.337
       64x32       0.337
       64x16       0.345
      32x128       0.359
      128x16       0.362
      64x128       0.381
       32x16       0.392
      128x64       0.408
     128x128       0.530
       16x64       0.681
       16x32       0.705
      16x128       0.740
       16x16       0.818
  -> best 64x64 at 0.294 ms, 1.11x over next

head_dim 32  (16 candidates)
       M x N     best ms
      128x64       0.578
       64x32       0.597
       32x16       0.606
       32x32       0.642
       64x64       0.650
      128x32       0.668
       32x64       0.684
      64x128       0.733
      128x16       0.805
       64x16       0.850
      32x128       0.851
       16x64       0.906
     128x128       0.944
       16x32       0.994
       16x16       1.063
      16x128       1.066
  -> best 128x64 at 0.578 ms, 1.03x over next

head_dim 64  (16 candidates)
       M x N     best ms
       32x16       1.167
       64x64       1.175
       64x32       1.223
      128x32       1.251
       64x16       1.313
      128x16       1.381
      128x64       1.535
      32x128       1.586
      64x128       1.596
       32x64       1.606
       32x32       1.632
       16x32       1.739
       16x64       1.881
       16x16       2.072
      16x128       2.366
     128x128       3.003
  -> best 32x16 at 1.167 ms, 1.01x over next

============================================================
Winners. Paste into the macro defaults these override.

tile-tf32:
  #define TF32_CM_8    64     #define TF32_CN_8    64
  #define TF32_CM_16   64     #define TF32_CN_16   64
  #define TF32_CM_32   128    #define TF32_CN_32   64
  #define TF32_CM_64   32     #define TF32_CN_64   16
/tmp/drive_sweep.sh: line 7:  2087 Segmentation fault      python $S --backend tile-tf32 --causal
+ python scripts/tune_block_shapes.py --backend tile-fp32
NVIDIA GeForce RTX 3070  sm_86  dtype=float32

=== tile-fp32  float32  dense ===

head_dim 8  (16 candidates)
       M x N     best ms
       64x32       0.563
       32x64       0.591
      16x128       0.668
       16x32       0.724
       64x64       0.752
       32x32       0.779
       16x64       0.805
       32x16       0.813
       64x16       0.841
      128x32       0.885
      128x16       0.896
       16x16       1.167
      64x128       1.764
      32x128       2.224
      128x64       2.317
     128x128       4.429
  -> best 64x32 at 0.563 ms, 1.05x over next

head_dim 16  (16 candidates)
       M x N     best ms
       32x16       0.991
       64x32       0.994
       32x32       1.040
       64x16       1.051
      128x16       1.066
       16x64       1.266
      128x32       1.398
       16x32       1.468
       16x16       1.479
       32x64       1.837
      128x64       4.107
      16x128       5.414
      64x128       6.220
       64x64       8.351
      32x128      11.389
     128x128      13.886
  -> best 32x16 at 0.991 ms, 1.00x over next

head_dim 32  (16 candidates)
       M x N     best ms
       32x16       1.914
       64x16       1.950
      128x16       2.553
       16x32       2.589
       32x32       2.647
       16x16       2.652
       64x32       3.918
       16x64       4.508
      128x32      12.380
       32x64      14.635
      64x128      18.430
      32x128      20.768
       64x64      22.708
      16x128      23.118
     128x128      23.308
      128x64      30.567
  -> best 32x16 at 1.914 ms, 1.02x over next

head_dim 64  (16 candidates)
       M x N     best ms
       32x16       3.447
       16x16       4.638
       16x32       5.234
       32x64      15.067
      128x16      16.554
       64x16      19.388
       64x32      21.303
       32x32      21.375
       16x64      36.240
       64x64      36.636
      128x64      37.854
      128x32      40.757
      32x128      42.710
      64x128      48.596
     128x128      63.316
      16x128      64.083
  -> best 32x16 at 3.447 ms, 1.35x over next

============================================================
Winners. Paste into the macro defaults these override.

tile-fp32:
  #define FP32_M_8    64     #define FP32_N_8    32
  #define FP32_M_16   32     #define FP32_N_16   16
  #define FP32_M_32   32     #define FP32_N_32   16
  #define FP32_M_64   32     #define FP32_N_64   16
/tmp/drive_sweep.sh: line 8:  2351 Segmentation fault      python $S --backend tile-fp32
+ python scripts/tune_block_shapes.py --backend tile-fp32 --causal
NVIDIA GeForce RTX 3070  sm_86  dtype=float32

=== tile-fp32  float32  causal ===

head_dim 8  (16 candidates)
       M x N     best ms
       64x32       1.005
       32x64       1.016
      16x128       1.079
       16x32       1.081
       16x64       1.106
       32x32       1.108
       64x64       1.118
       32x16       1.174
       64x16       1.233
      128x16       1.247
      128x32       1.290
       16x16       1.345
      64x128       3.033
      128x64       4.066
      32x128       4.190
     128x128       8.115
  -> best 64x32 at 1.005 ms, 1.01x over next

head_dim 16  (16 candidates)
       M x N     best ms
       32x16       0.591
       32x32       0.592
      128x16       0.660
       64x16       0.671
       64x32       0.680
       16x64       0.695
       16x32       0.743
       16x16       0.770
       32x64       0.947
      128x32       1.009
      128x64       2.546
      16x128       3.067
      64x128       3.615
       64x64       4.533
      32x128       6.076
     128x128       7.973
  -> best 32x16 at 0.591 ms, 1.00x over next

head_dim 32  (16 candidates)
       M x N     best ms
       32x16       1.054
       64x16       1.237
       16x32       1.327
       32x32       1.347
       16x16       1.383
      128x16       1.819
       64x32       2.103
       16x64       2.287
      128x32       6.938
       32x64       7.423
       64x64       9.427
      64x128       9.833
      16x128      11.212
      32x128      12.479
     128x128      13.630
      128x64      16.047
  -> best 32x16 at 1.054 ms, 1.17x over next

head_dim 64  (16 candidates)
       M x N     best ms
       32x16       1.950
       16x16       2.302
       16x32       2.946
       64x16      10.596
       32x32      11.109
       32x64      12.535
      128x16      18.882
       64x32      19.069
       16x64      19.095
       64x64      19.546
      128x64      22.564
      32x128      23.806
      128x32      24.004
      64x128      27.801
     128x128      38.632
      16x128      43.394
  -> best 32x16 at 1.950 ms, 1.18x over next

============================================================
Winners. Paste into the macro defaults these override.

tile-fp32:
  #define FP32_CM_8    64     #define FP32_CN_8    32
  #define FP32_CM_16   32     #define FP32_CN_16   16
  #define FP32_CM_32   32     #define FP32_CN_32   16
  #define FP32_CM_64   32     #define FP32_CN_64   16
/tmp/drive_sweep.sh: line 9:  2909 Segmentation fault      python $S --backend tile-fp32 --causal
+ python scripts/tune_block_shapes.py --backend tile-bf16
NVIDIA GeForce RTX 3070  sm_86  dtype=float32

=== tile-bf16  float32  dense ===

head_dim 8  (16 candidates)
       16x16  build failed: Error building extension 'tune_bf16_8_16x16': [1/3] C:\Progr
